#-----------------------------------------------------------
# Vivado v2023.1 (64-bit)
# SW Build 3865809 on Sun May  7 15:05:29 MDT 2023
# IP Build 3864474 on Sun May  7 20:36:21 MDT 2023
# SharedData Build 3865790 on Sun May 07 13:33:03 MDT 2023
# Start of session at: Wed Nov 26 12:37:00 2025
# Process ID: 8976
# Current directory: D:/AOC/Laboratorio_3/lab_3
# Command line: vivado.exe -gui_launcher_event rodinguilauncherevent9664 D:\AOC\Laboratorio_3\lab_3\lab_3.xpr
# Log file: D:/AOC/Laboratorio_3/lab_3/vivado.log
# Journal file: D:/AOC/Laboratorio_3/lab_3\vivado.jou
# Running On: Blade-Victus, OS: Windows, CPU Frequency: 2496 MHz, CPU Physical cores: 8, Host memory: 8241 MB
#-----------------------------------------------------------
start_gui
open_project D:/AOC/Laboratorio_3/lab_3/lab_3.xpr
update_compile_order -fileset sources_1
file mkdir D:/AOC/Laboratorio_3/lab_3/lab_3.srcs/constrs_1
file mkdir D:/AOC/Laboratorio_3/lab_3/lab_3.srcs/constrs_1/new
close [ open D:/AOC/Laboratorio_3/lab_3/lab_3.srcs/constrs_1/new/lab_3_constraints.xdc w ]
add_files -fileset constrs_1 D:/AOC/Laboratorio_3/lab_3/lab_3.srcs/constrs_1/new/lab_3_constraints.xdc
