Copyright 1986-2022 Xilinx, Inc. All Rights Reserved. Copyright 2022-2023 Advanced Micro Devices, Inc. All Rights Reserved.
---------------------------------------------------------------------------------------------------------------------------------------------
| Tool Version : Vivado v.2023.1 (win64) Build 3865809 Sun May  7 15:05:29 MDT 2023
| Date         : Wed Nov 26 12:59:04 2025
| Host         : Blade-Victus running 64-bit major release  (build 9200)
| Command      : report_control_sets -verbose -file scoreboard_control_sets_placed.rpt
| Design       : scoreboard
| Device       : xc7a100t
---------------------------------------------------------------------------------------------------------------------------------------------

Control Set Information

Table of Contents
-----------------
1. Summary
2. Histogram
3. Flip-Flop Distribution
4. Detailed Control Set Information

1. Summary
----------

+----------------------------------------------------------+-------+
|                          Status                          | Count |
+----------------------------------------------------------+-------+
| Total control sets                                       |    20 |
|    Minimum number of control sets                        |    20 |
|    Addition due to synthesis replication                 |     0 |
|    Addition due to physical synthesis replication        |     0 |
| Unused register locations in slices containing registers |    99 |
+----------------------------------------------------------+-------+
* Control sets can be merged at opt_design using control_set_merge or merge_equivalent_drivers
** Run report_qor_suggestions for automated merging and remapping suggestions


2. Histogram
------------

+--------------------+-------+
|       Fanout       | Count |
+--------------------+-------+
| Total control sets |    20 |
| >= 0 to < 4        |     6 |
| >= 4 to < 6        |     5 |
| >= 6 to < 8        |     1 |
| >= 8 to < 10       |     0 |
| >= 10 to < 12      |     0 |
| >= 12 to < 14      |     0 |
| >= 14 to < 16      |     1 |
| >= 16              |     7 |
+--------------------+-------+
* Control sets can be remapped at either synth_design or opt_design


3. Flip-Flop Distribution
-------------------------

+--------------+-----------------------+------------------------+-----------------+--------------+
| Clock Enable | Synchronous Set/Reset | Asynchronous Set/Reset | Total Registers | Total Slices |
+--------------+-----------------------+------------------------+-----------------+--------------+
| No           | No                    | No                     |              14 |            7 |
| No           | No                    | Yes                    |               0 |            0 |
| No           | Yes                   | No                     |              54 |           18 |
| Yes          | No                    | No                     |               0 |            0 |
| Yes          | No                    | Yes                    |               0 |            0 |
| Yes          | Yes                   | No                     |             121 |           40 |
+--------------+-----------------------+------------------------+-----------------+--------------+


4. Detailed Control Set Information
-----------------------------------

+----------------+------------------+---------------------+------------------+----------------+--------------+
|  Clock Signal  |   Enable Signal  |   Set/Reset Signal  | Slice Load Count | Bel Load Count | Bels / Slice |
+----------------+------------------+---------------------+------------------+----------------+--------------+
|  clk_IBUF_BUFG | st_G_i_2_n_0     | st_G_i_1_n_0        |                1 |              1 |         1.00 |
|  clk_IBUF_BUFG | st_rH_i_2_n_0    | st_rH_i_1_n_0       |                1 |              1 |         1.00 |
|  clk_IBUF_BUFG | st_rG_i_2_n_0    | clear               |                1 |              1 |         1.00 |
|  clk_IBUF_BUFG | tick_1hz_reg_n_0 | pRstT_reg_n_0       |                1 |              1 |         1.00 |
|  clk_IBUF_BUFG | st_H_i_2_n_0     | st_H_i_1_n_0        |                1 |              1 |         1.00 |
|  clk_IBUF_BUFG | st_rT_i_2_n_0    | st_rT_i_1_n_0       |                1 |              1 |         1.00 |
|  clk_IBUF_BUFG | h_t              | h_u                 |                1 |              4 |         4.00 |
|  clk_IBUF_BUFG | g_t              | g_u                 |                2 |              4 |         2.00 |
|  clk_IBUF_BUFG | pBtnG            | g_u                 |                2 |              4 |         2.00 |
|  clk_IBUF_BUFG | m_t[3]_i_1_n_0   | pRstT_reg_n_0       |                2 |              4 |         2.00 |
|  clk_IBUF_BUFG | pBtnH            | h_u                 |                2 |              4 |         2.00 |
|  clk_IBUF_BUFG |                  | pRstT_reg_n_0       |                4 |              7 |         1.75 |
|  clk_IBUF_BUFG |                  |                     |                7 |             14 |         2.00 |
|  clk_IBUF_BUFG | pRstH0           | st_rH_i_1_n_0       |                5 |             19 |         3.80 |
|  clk_IBUF_BUFG | pBtnG0           | st_G_i_1_n_0        |                5 |             19 |         3.80 |
|  clk_IBUF_BUFG | pBtnH0           | st_H_i_1_n_0        |                5 |             19 |         3.80 |
|  clk_IBUF_BUFG | pRstG0           | clear               |                5 |             19 |         3.80 |
|  clk_IBUF_BUFG | pRstT0           | st_rT_i_1_n_0       |                5 |             19 |         3.80 |
|  clk_IBUF_BUFG |                  | mux                 |                6 |             20 |         3.33 |
|  clk_IBUF_BUFG |                  | sec_cnt[26]_i_1_n_0 |                8 |             27 |         3.38 |
+----------------+------------------+---------------------+------------------+----------------+--------------+


